Space after LZWCmpStop for test1.in: 72191
Final space: 0
