Space after LZWCmpStop for test4.in: 75023
Final space: 0
