Space after LZWCmpStop for test3.in: 69671
Final space: 0
